// Jest Snapshot v1, https://goo.gl/fbAQLP

exports[`Pruebas en <App/> Debe de hacer match con el snapshot 1`] = `
<div>
  <div
    class="App"
  >
    <h1>
      Hola
    </h1>
  </div>
</div>
`;
